ApsimVersion = 7.10 r0
Title = bmw123
           Date DaysAfterSowing          Stage        Biomass        GreenWt      BiomassWt    RootGreenWt    LeafGreenWt    StemGreenWt  RachisGreenWt   GrainGreenWt      biomass_n     RootGreenN     LeafGreenN     StemGreenN   RachisGreenN    GrainGreenN GrainGreenNConc        GrainNo      GrainSize         LeafNo            LAI           SLAI            ESW            SLN        WaterSD             HI           TPLA           SPLA         Height        DeltaTT    nfact_pheno    swdef_pheno    cover_green      cover_tot      sw_supply   sw_uptake(1)   sw_uptake(2)   sw_uptake(3)   sw_uptake(4)   sw_uptake(5)   sw_uptake(6)   sw_uptake(7) sum(sw_uptake)      RootDepth n_total_uptake n_massflow_uptake n_diffusion_uptake     n_sd_ratio          sw(1)          sw(2)          sw(3)          sw(4)          sw(5)          sw(6)          sw(7)         no3(1)         no3(2)         no3(3)         no3(4)         no3(5)         no3(6)         no3(7)     no3_demand  n_supply_soil            RUE             TE    nfact_photo    temp_stress
   (dd/mm/yyyy)          (days)             ()        (kg/ha)        (g/m^2)        (g/m^2)        (g/m^2)        (g/m^2)        (g/m^2)        (g/m^2)        (g/m^2)        (g/m^2)        (g/m^2)        (g/m^2)        (g/m^2)        (g/m^2)        (g/m^2)             (%)   (grains/m^2)  (g/1000grain)       (leaves)        (m2/m2)        (m2/m2)             ()      (g(N)/m2)             ()             ()           (m2)           (m2)           (mm)          (oCd)             ()             ()             ()             ()           (mm)           (mm)           (mm)           (mm)           (mm)           (mm)           (mm)           (mm)           (mm)           (mm)        (g/m^2)           (g/m^2)            (g/m^2)             ()        (mm/mm)        (mm/mm)        (mm/mm)        (mm/mm)        (mm/mm)        (mm/mm)        (mm/mm)        (kg/ha)        (kg/ha)        (kg/ha)        (kg/ha)        (kg/ha)        (kg/ha)        (kg/ha)        (g/m^2)        (g/m^2)             ()             ()             ()             ()
     17/02/1986             112         11.000        14958.9        1733.12        1495.89         336.09          95.92         661.58          60.90         578.63          10.00           1.95           0.76           1.39           0.13           6.48           1.119       1837.993        314.815         12.712          1.385          1.431         24.856          0.546          0.940          0.387       2118.457       2187.512       2000.000         13.860          1.000          1.000          0.500          0.755          1.137          0.000          0.045          0.084          0.198          0.228          0.292          0.290          1.137       1100.000           0.00              0.00               0.00          0.000          0.073          0.145          0.160          0.171          0.198          0.215          0.227            1.8            1.3            0.8            1.0            0.7            0.8            0.8           3.53           0.00          5.595          5.259          0.285          1.000
