ApsimVersion = 7.10 r0
Title = bmw102
           Date DaysAfterSowing          Stage        Biomass        GreenWt      BiomassWt    RootGreenWt    LeafGreenWt    StemGreenWt  RachisGreenWt   GrainGreenWt      biomass_n     RootGreenN     LeafGreenN     StemGreenN   RachisGreenN    GrainGreenN GrainGreenNConc        GrainNo      GrainSize         LeafNo            LAI           SLAI            ESW            SLN        WaterSD             HI           TPLA           SPLA         Height        DeltaTT    nfact_pheno    swdef_pheno    cover_green      cover_tot      sw_supply   sw_uptake(1)   sw_uptake(2)   sw_uptake(3)   sw_uptake(4)   sw_uptake(5)   sw_uptake(6)   sw_uptake(7)   sw_uptake(8)   sw_uptake(9)  sw_uptake(10) sum(sw_uptake)      RootDepth n_total_uptake n_massflow_uptake n_diffusion_uptake     n_sd_ratio          sw(1)          sw(2)          sw(3)          sw(4)          sw(5)          sw(6)          sw(7)          sw(8)          sw(9)         sw(10)         no3(1)         no3(2)         no3(3)         no3(4)         no3(5)         no3(6)         no3(7)         no3(8)         no3(9)        no3(10)     no3_demand  n_supply_soil            RUE             TE    nfact_photo    temp_stress
   (dd/mm/yyyy)          (days)             ()        (kg/ha)        (g/m^2)        (g/m^2)        (g/m^2)        (g/m^2)        (g/m^2)        (g/m^2)        (g/m^2)        (g/m^2)        (g/m^2)        (g/m^2)        (g/m^2)        (g/m^2)        (g/m^2)             (%)   (grains/m^2)  (g/1000grain)       (leaves)        (m2/m2)        (m2/m2)             ()      (g(N)/m2)             ()             ()           (m2)           (m2)           (mm)          (oCd)             ()             ()             ()             ()           (mm)           (mm)           (mm)           (mm)           (mm)           (mm)           (mm)           (mm)           (mm)           (mm)           (mm)           (mm)           (mm)        (g/m^2)           (g/m^2)            (g/m^2)             ()        (mm/mm)        (mm/mm)        (mm/mm)        (mm/mm)        (mm/mm)        (mm/mm)        (mm/mm)        (mm/mm)        (mm/mm)        (mm/mm)        (kg/ha)        (kg/ha)        (kg/ha)        (kg/ha)        (kg/ha)        (kg/ha)        (kg/ha)        (kg/ha)        (kg/ha)        (kg/ha)        (g/m^2)        (g/m^2)             ()             ()             ()             ()
     17/02/1986             112         11.000        15202.0        1878.04        1520.20         402.95         142.59         697.28          59.56         575.66          12.57           2.67           1.91           1.55           0.12           8.23           1.429       1781.208        323.186         12.712          2.036          0.647         96.899          0.940          0.545          0.379       3268.186       1037.803       2000.000         13.860          1.000          1.000          0.639          0.738          2.187          0.000          0.069          0.104          0.246          0.273          0.335          0.343          0.288          0.258          0.271          2.187       1900.000           0.00              0.00               0.00          0.000          0.085          0.148          0.162          0.174          0.201          0.220          0.236          0.251          0.265          0.269            1.9            1.3            0.8            1.1            0.9            0.9            0.8            1.0            1.8            3.3           3.54           0.00         18.563         10.113          0.741          1.000
