ApsimVersion = 7.10 r0
Title = Maize_DRK_DRKMH50
           Date DaysAfterSowing          Stage        Biomass        GreenWt      BiomassWt    RootGreenWt    LeafGreenWt    StemGreenWt  RachisGreenWt   GrainGreenWt      biomass_n     RootGreenN     LeafGreenN     StemGreenN   RachisGreenN    GrainGreenN GrainGreenNConc        GrainNo      GrainSize         LeafNo            LAI           SLAI            ESW            SLN        WaterSD             HI           TPLA           SPLA         Height        DeltaTT    nfact_pheno    swdef_pheno    cover_green      cover_tot      sw_supply   sw_uptake(1)   sw_uptake(2)   sw_uptake(3)   sw_uptake(4)   sw_uptake(5)   sw_uptake(6)   sw_uptake(7)   sw_uptake(8)   sw_uptake(9) sum(sw_uptake)      RootDepth n_total_uptake n_massflow_uptake n_diffusion_uptake     n_sd_ratio          sw(1)          sw(2)          sw(3)          sw(4)          sw(5)          sw(6)          sw(7)          sw(8)          sw(9)         no3(1)         no3(2)         no3(3)         no3(4)         no3(5)         no3(6)         no3(7)         no3(8)         no3(9)     no3_demand  n_supply_soil            RUE             TE    nfact_photo    temp_stress
   (dd/mm/yyyy)          (days)             ()        (kg/ha)        (g/m^2)        (g/m^2)        (g/m^2)        (g/m^2)        (g/m^2)        (g/m^2)        (g/m^2)        (g/m^2)        (g/m^2)        (g/m^2)        (g/m^2)        (g/m^2)        (g/m^2)             (%)   (grains/m^2)  (g/1000grain)       (leaves)        (m2/m2)        (m2/m2)             ()      (g(N)/m2)             ()             ()           (m2)           (m2)           (mm)          (oCd)             ()             ()             ()             ()           (mm)           (mm)           (mm)           (mm)           (mm)           (mm)           (mm)           (mm)           (mm)           (mm)           (mm)           (mm)        (g/m^2)           (g/m^2)            (g/m^2)             ()        (mm/mm)        (mm/mm)        (mm/mm)        (mm/mm)        (mm/mm)        (mm/mm)        (mm/mm)        (mm/mm)        (mm/mm)        (kg/ha)        (kg/ha)        (kg/ha)        (kg/ha)        (kg/ha)        (kg/ha)        (kg/ha)        (kg/ha)        (kg/ha)        (g/m^2)        (g/m^2)             ()             ()             ()             ()
     04/10/1991             207          9.812        24698.1        2977.54        2469.81         806.09           4.74        1329.61         181.24         655.88          25.25           6.00           0.28           6.58           0.37           9.38           1.430       2732.897        239.993         24.966          0.098          6.013         73.254          2.815          1.000          0.266        146.497       8975.283       2000.000         14.062          1.000          1.000          0.048          0.953          8.209          0.187          0.262          0.146          0.045          0.010          0.020          0.035          0.004          0.000          0.710       1800.000           0.00              0.00               0.00          0.000          0.409          0.457          0.473          0.419          0.329          0.267          0.262          0.333          0.410            3.3            3.0            4.9            4.9            2.7            1.1            0.6            0.5            0.5           2.99           0.00          3.260         37.705          0.999          1.000
