ApsimVersion = 7.10 r0
Title = Maize_K841_K841P7D
           Date DaysAfterSowing          Stage        Biomass        GreenWt      BiomassWt    RootGreenWt    LeafGreenWt    StemGreenWt  RachisGreenWt   GrainGreenWt      biomass_n     RootGreenN     LeafGreenN     StemGreenN   RachisGreenN    GrainGreenN GrainGreenNConc        GrainNo      GrainSize         LeafNo            LAI           SLAI            ESW            SLN        WaterSD             HI           TPLA           SPLA         Height        DeltaTT    nfact_pheno    swdef_pheno    cover_green      cover_tot      sw_supply   sw_uptake(1)   sw_uptake(2)   sw_uptake(3)   sw_uptake(4)   sw_uptake(5)   sw_uptake(6)   sw_uptake(7)   sw_uptake(8)   sw_uptake(9) sum(sw_uptake)      RootDepth n_total_uptake n_massflow_uptake n_diffusion_uptake     n_sd_ratio          sw(1)          sw(2)          sw(3)          sw(4)          sw(5)          sw(6)          sw(7)          sw(8)          sw(9)         no3(1)         no3(2)         no3(3)         no3(4)         no3(5)         no3(6)         no3(7)         no3(8)         no3(9)     no3_demand  n_supply_soil            RUE             TE    nfact_photo    temp_stress
   (dd/mm/yyyy)          (days)             ()        (kg/ha)        (g/m^2)        (g/m^2)        (g/m^2)        (g/m^2)        (g/m^2)        (g/m^2)        (g/m^2)        (g/m^2)        (g/m^2)        (g/m^2)        (g/m^2)        (g/m^2)        (g/m^2)             (%)   (grains/m^2)  (g/1000grain)       (leaves)        (m2/m2)        (m2/m2)             ()      (g(N)/m2)             ()             ()           (m2)           (m2)           (mm)          (oCd)             ()             ()             ()             ()           (mm)           (mm)           (mm)           (mm)           (mm)           (mm)           (mm)           (mm)           (mm)           (mm)           (mm)           (mm)        (g/m^2)           (g/m^2)            (g/m^2)             ()        (mm/mm)        (mm/mm)        (mm/mm)        (mm/mm)        (mm/mm)        (mm/mm)        (mm/mm)        (mm/mm)        (mm/mm)        (kg/ha)        (kg/ha)        (kg/ha)        (kg/ha)        (kg/ha)        (kg/ha)        (kg/ha)        (kg/ha)        (kg/ha)        (g/m^2)        (g/m^2)             ()             ()             ()             ()
     11/03/1984             108         11.000        18670.1        2030.67        1867.01         321.78          35.48         601.84         105.69         965.88          16.09           3.28           0.39           1.26           0.21          10.75           1.113       3471.784        278.209         19.420          0.758          3.298        156.542          0.518          1.000          0.517       1083.295       4710.874       2000.000         19.900          1.000          1.000          0.316          0.868          9.389          0.082          0.077          0.068          0.048          0.039          0.023          0.028          0.016          0.009          0.391       1800.000           0.00              0.00               0.00          0.000          0.299          0.313          0.319          0.326          0.333          0.333          0.326          0.343          0.356            4.7            6.0            6.6            5.9            4.3            2.7            2.1            0.8            0.4           1.88           0.00          2.039         49.005          0.242          1.000
