ApsimVersion = 7.10 r0
Title = Maize_K842_K842P3D
           Date DaysAfterSowing          Stage        Biomass        GreenWt      BiomassWt    RootGreenWt    LeafGreenWt    StemGreenWt  RachisGreenWt   GrainGreenWt      biomass_n     RootGreenN     LeafGreenN     StemGreenN   RachisGreenN    GrainGreenN GrainGreenNConc        GrainNo      GrainSize         LeafNo            LAI           SLAI            ESW            SLN        WaterSD             HI           TPLA           SPLA         Height        DeltaTT    nfact_pheno    swdef_pheno    cover_green      cover_tot      sw_supply   sw_uptake(1)   sw_uptake(2)   sw_uptake(3)   sw_uptake(4)   sw_uptake(5)   sw_uptake(6)   sw_uptake(7)   sw_uptake(8)   sw_uptake(9) sum(sw_uptake)      RootDepth n_total_uptake n_massflow_uptake n_diffusion_uptake     n_sd_ratio          sw(1)          sw(2)          sw(3)          sw(4)          sw(5)          sw(6)          sw(7)          sw(8)          sw(9)         no3(1)         no3(2)         no3(3)         no3(4)         no3(5)         no3(6)         no3(7)         no3(8)         no3(9)     no3_demand  n_supply_soil            RUE             TE    nfact_photo    temp_stress
   (dd/mm/yyyy)          (days)             ()        (kg/ha)        (g/m^2)        (g/m^2)        (g/m^2)        (g/m^2)        (g/m^2)        (g/m^2)        (g/m^2)        (g/m^2)        (g/m^2)        (g/m^2)        (g/m^2)        (g/m^2)        (g/m^2)             (%)   (grains/m^2)  (g/1000grain)       (leaves)        (m2/m2)        (m2/m2)             ()      (g(N)/m2)             ()             ()           (m2)           (m2)           (mm)          (oCd)             ()             ()             ()             ()           (mm)           (mm)           (mm)           (mm)           (mm)           (mm)           (mm)           (mm)           (mm)           (mm)           (mm)           (mm)        (g/m^2)           (g/m^2)            (g/m^2)             ()        (mm/mm)        (mm/mm)        (mm/mm)        (mm/mm)        (mm/mm)        (mm/mm)        (mm/mm)        (mm/mm)        (mm/mm)        (kg/ha)        (kg/ha)        (kg/ha)        (kg/ha)        (kg/ha)        (kg/ha)        (kg/ha)        (kg/ha)        (kg/ha)        (g/m^2)        (g/m^2)             ()             ()             ()             ()
     01/06/1984             116         11.000         7491.1         802.76         749.11         164.53          19.94         266.58          67.48         284.23          10.20           1.71           0.71           2.55           0.14           4.06           1.430       1386.024        205.067         18.658          0.317          1.764         17.160          2.239          0.344          0.379       1055.836       5880.534       2000.000         16.267          1.000          0.722          0.146          0.647          0.341          0.000          0.000          0.013          0.000          0.025          0.033          0.114          0.074          0.083          0.341       1800.000           0.00              0.00               0.00          0.000          0.050          0.210          0.211          0.229          0.233          0.245          0.262          0.292          0.307            8.5            3.8            3.1            3.6            3.5            3.5            4.8            4.9            6.6           0.03           0.00          4.435          1.526          0.996          1.000
