ApsimVersion = 7.10 r0
Title = Maize_Exp1 2ND Yr3_3
           Date DaysAfterSowing          Stage        Biomass        GreenWt      BiomassWt    RootGreenWt    LeafGreenWt    StemGreenWt  RachisGreenWt   GrainGreenWt      biomass_n     RootGreenN     LeafGreenN     StemGreenN   RachisGreenN    GrainGreenN GrainGreenNConc        GrainNo      GrainSize         LeafNo            LAI           SLAI            ESW            SLN        WaterSD             HI           TPLA           SPLA         Height        DeltaTT    nfact_pheno    swdef_pheno    cover_green      cover_tot      sw_supply   sw_uptake(1)   sw_uptake(2)   sw_uptake(3)   sw_uptake(4)   sw_uptake(5)   sw_uptake(6)   sw_uptake(7) sum(sw_uptake)      RootDepth n_total_uptake n_massflow_uptake n_diffusion_uptake     n_sd_ratio          sw(1)          sw(2)          sw(3)          sw(4)          sw(5)          sw(6)          sw(7)         no3(1)         no3(2)         no3(3)         no3(4)         no3(5)         no3(6)         no3(7)     no3_demand  n_supply_soil            RUE             TE    nfact_photo    temp_stress
   (dd/mm/yyyy)          (days)             ()        (kg/ha)        (g/m^2)        (g/m^2)        (g/m^2)        (g/m^2)        (g/m^2)        (g/m^2)        (g/m^2)        (g/m^2)        (g/m^2)        (g/m^2)        (g/m^2)        (g/m^2)        (g/m^2)             (%)   (grains/m^2)  (g/1000grain)       (leaves)        (m2/m2)        (m2/m2)             ()      (g(N)/m2)             ()             ()           (m2)           (m2)           (mm)          (oCd)             ()             ()             ()             ()           (mm)           (mm)           (mm)           (mm)           (mm)           (mm)           (mm)           (mm)           (mm)           (mm)        (g/m^2)           (g/m^2)            (g/m^2)             ()        (mm/mm)        (mm/mm)        (mm/mm)        (mm/mm)        (mm/mm)        (mm/mm)        (mm/mm)        (kg/ha)        (kg/ha)        (kg/ha)        (kg/ha)        (kg/ha)        (kg/ha)        (kg/ha)        (g/m^2)        (g/m^2)             ()             ()             ()             ()
     12/04/2001              99         11.000        19014.7        2090.35        1901.47         286.60         128.82         639.74          87.03         948.16          19.03           2.72           1.77           2.08           0.18          13.12           1.384       4085.424        232.085         16.345          2.154          1.633        105.990          0.823          1.000          0.499       3076.857       2332.923       2000.000         13.739          1.000          1.000          0.659          0.849          7.903          0.304          0.482          0.913          0.211          0.200          0.186          0.087          2.383       1800.000           0.00              0.00               0.00          0.000          0.325          0.363          0.358          0.288          0.286          0.331          0.358           13.5           23.1           36.4            6.4            4.4            5.4            7.2           1.44           0.00         15.504         51.408          0.639          1.000
